( ipSrc = 192.168.1.1 and ethTyp = ip) 
  -> .* h3 at max(100Mbps);
